// Jest Snapshot v1, https://goo.gl/fbAQLP

exports[`expect to render SignInAndSignUp component 1`] = `ShallowWrapper {}`;
