// Jest Snapshot v1, https://goo.gl/fbAQLP

exports[`expect to render CheckoutPage component 1`] = `ShallowWrapper {}`;
