// Jest Snapshot v1, https://goo.gl/fbAQLP

exports[`expect to render Homepage component 1`] = `ShallowWrapper {}`;
